DARK/LIGHT AUDIT (auto)

== ACTIONS (PNG) ==
SWAP: novax_logo_icon_dark.png <-> novax_logo_icon_light.png (bg=dark_bg, lum=0.034, cov=1.00)

== ACTIONS (SVG) ==
SWAP: novax_logo_horizontal_01_dark.svg <-> novax_logo_horizontal_01_light.svg (bg=dark_bg, lum=0.058, cov=1.00)
SWAP: novax_logo_horizontal_03_dark.svg <-> novax_logo_horizontal_03_light.svg (bg=dark_bg, lum=0.032, cov=1.00)
SWAP: novax_logo_horizontal_04_dark.svg <-> novax_logo_horizontal_04_light.svg (bg=dark_bg, lum=0.062, cov=1.00)
SWAP: novax_logo_horizontal_05_dark.svg <-> novax_logo_horizontal_05_light.svg (bg=light_bg, lum=0.815, cov=1.00)
SWAP: novax_logo_horizontal_06_dark.svg <-> novax_logo_horizontal_06_light.svg (bg=dark_bg, lum=0.019, cov=1.00)
SWAP: novax_logo_horizontal_07_dark.svg <-> novax_logo_horizontal_07_light.svg (bg=light_bg, lum=0.800, cov=1.00)
SWAP: novax_logo_horizontal_09_dark.svg <-> novax_logo_horizontal_09_light.svg (bg=dark_bg, lum=0.024, cov=1.00)
SWAP: novax_logo_icon_dark.svg <-> novax_logo_icon_light.svg (bg=dark_bg, lum=0.034, cov=1.00)
SWAP: novax_logo_primary_dark.svg <-> novax_logo_primary_light.svg (bg=dark_bg, lum=0.058, cov=1.00)
SWAP: novax_logo_vertical_01_dark.svg <-> novax_logo_vertical_01_light.svg (bg=light_bg, lum=0.818, cov=1.00)
SWAP: novax_logo_vertical_02_dark.svg <-> novax_logo_vertical_02_light.svg (bg=dark_bg, lum=0.025, cov=1.00)
SWAP: novax_logo_horizontal_08_dark.svg <-> novax_logo_horizontal_08_light.svg (bg=dark_bg, lum=0.038, cov=1.00)

== NOTES (PNG) ==
NOTE: novax_logo_horizontal_01_dark.png bg=unknown lum=0.000 cov=0.00 (no change)
NOTE: novax_logo_horizontal_01_light.png bg=unknown lum=0.000 cov=0.00 (no change)
NOTE: novax_logo_horizontal_01_dark.png bg=unknown lum=0.000 cov=0.00 (no change)
NOTE: novax_logo_horizontal_01_light.png bg=unknown lum=0.000 cov=0.00 (no change)
NOTE: novax_logo_horizontal_01_dark.png bg=unknown lum=0.000 cov=0.00 (no change)
NOTE: novax_logo_horizontal_01_light.png bg=unknown lum=0.000 cov=0.00 (no change)
NOTE: novax_logo_horizontal_02_dark.png bg=unknown lum=0.000 cov=0.00 (no change)
NOTE: novax_logo_horizontal_02_light.png bg=unknown lum=0.000 cov=0.00 (no change)
NOTE: novax_logo_horizontal_02_dark.png bg=unknown lum=0.000 cov=0.00 (no change)
NOTE: novax_logo_horizontal_02_light.png bg=unknown lum=0.000 cov=0.00 (no change)
NOTE: novax_logo_horizontal_02_dark.png bg=unknown lum=0.000 cov=0.00 (no change)
NOTE: novax_logo_horizontal_02_light.png bg=unknown lum=0.000 cov=0.00 (no change)
NOTE: novax_logo_horizontal_03_dark.png bg=unknown lum=0.000 cov=0.00 (no change)
NOTE: novax_logo_horizontal_03_light.png bg=unknown lum=0.000 cov=0.00 (no change)
NOTE: novax_logo_horizontal_03_dark.png bg=unknown lum=0.000 cov=0.00 (no change)
NOTE: novax_logo_horizontal_03_light.png bg=unknown lum=0.000 cov=0.00 (no change)
NOTE: novax_logo_horizontal_03_dark.png bg=unknown lum=0.000 cov=0.00 (no change)
NOTE: novax_logo_horizontal_03_light.png bg=unknown lum=0.000 cov=0.00 (no change)
NOTE: novax_logo_horizontal_04_dark.png bg=unknown lum=0.000 cov=0.00 (no change)
NOTE: novax_logo_horizontal_04_light.png bg=unknown lum=0.000 cov=0.00 (no change)
NOTE: novax_logo_horizontal_04_dark.png bg=unknown lum=0.000 cov=0.00 (no change)
NOTE: novax_logo_horizontal_04_light.png bg=unknown lum=0.000 cov=0.00 (no change)
NOTE: novax_logo_horizontal_04_dark.png bg=unknown lum=0.000 cov=0.00 (no change)
NOTE: novax_logo_horizontal_04_light.png bg=unknown lum=0.000 cov=0.00 (no change)
NOTE: novax_logo_horizontal_05_dark.png bg=unknown lum=0.000 cov=0.00 (no change)
NOTE: novax_logo_horizontal_05_light.png bg=unknown lum=0.000 cov=0.00 (no change)
NOTE: novax_logo_horizontal_05_dark.png bg=unknown lum=0.000 cov=0.00 (no change)
NOTE: novax_logo_horizontal_05_light.png bg=unknown lum=0.000 cov=0.00 (no change)
NOTE: novax_logo_horizontal_05_dark.png bg=unknown lum=0.000 cov=0.00 (no change)
NOTE: novax_logo_horizontal_05_light.png bg=unknown lum=0.000 cov=0.00 (no change)
NOTE: novax_logo_horizontal_06_dark.png bg=unknown lum=0.000 cov=0.00 (no change)
NOTE: novax_logo_horizontal_06_light.png bg=unknown lum=0.000 cov=0.00 (no change)
NOTE: novax_logo_horizontal_06_dark.png bg=unknown lum=0.000 cov=0.00 (no change)
NOTE: novax_logo_horizontal_06_light.png bg=unknown lum=0.000 cov=0.00 (no change)
NOTE: novax_logo_horizontal_06_dark.png bg=unknown lum=0.000 cov=0.00 (no change)
NOTE: novax_logo_horizontal_06_light.png bg=unknown lum=0.000 cov=0.00 (no change)
NOTE: novax_logo_horizontal_07_dark.png bg=unknown lum=0.000 cov=0.00 (no change)
NOTE: novax_logo_horizontal_07_light.png bg=unknown lum=0.000 cov=0.00 (no change)
NOTE: novax_logo_horizontal_07_dark.png bg=unknown lum=0.000 cov=0.00 (no change)
NOTE: novax_logo_horizontal_07_light.png bg=unknown lum=0.000 cov=0.00 (no change)
NOTE: novax_logo_horizontal_07_dark.png bg=unknown lum=0.000 cov=0.00 (no change)
NOTE: novax_logo_horizontal_07_light.png bg=unknown lum=0.000 cov=0.00 (no change)
NOTE: novax_logo_horizontal_08_dark.png bg=unknown lum=0.000 cov=0.00 (no change)
NOTE: novax_logo_horizontal_08_light.png bg=unknown lum=0.000 cov=0.00 (no change)
NOTE: novax_logo_horizontal_08_dark.png bg=unknown lum=0.000 cov=0.00 (no change)
NOTE: novax_logo_horizontal_08_light.png bg=unknown lum=0.000 cov=0.00 (no change)
NOTE: novax_logo_horizontal_08_dark.png bg=unknown lum=0.000 cov=0.00 (no change)
NOTE: novax_logo_horizontal_08_light.png bg=unknown lum=0.000 cov=0.00 (no change)
NOTE: novax_logo_horizontal_09_dark.png bg=unknown lum=0.000 cov=0.00 (no change)
NOTE: novax_logo_horizontal_09_light.png bg=unknown lum=0.000 cov=0.00 (no change)
NOTE: novax_logo_horizontal_09_dark.png bg=unknown lum=0.000 cov=0.00 (no change)
NOTE: novax_logo_horizontal_09_light.png bg=unknown lum=0.000 cov=0.00 (no change)
NOTE: novax_logo_horizontal_09_dark.png bg=unknown lum=0.000 cov=0.00 (no change)
NOTE: novax_logo_horizontal_09_light.png bg=unknown lum=0.000 cov=0.00 (no change)
NOTE: novax_logo_horizontal_light.png bg=unknown lum=0.000 cov=0.00 (no change)
NOTE: novax_logo_horizontal_dark.png bg=unknown lum=0.000 cov=0.00 (no change)
NOTE: novax_logo_horizontal_light.png bg=unknown lum=0.000 cov=0.00 (no change)
NOTE: novax_logo_horizontal_dark.png bg=unknown lum=0.000 cov=0.00 (no change)
NOTE: novax_logo_horizontal_dark.png bg=unknown lum=0.000 cov=0.00 (no change)
NOTE: novax_logo_horizontal_light.png bg=unknown lum=0.000 cov=0.00 (no change)
NOTE: novax_logo_primary_dark.png bg=unknown lum=0.000 cov=0.00 (no change)
NOTE: novax_logo_primary_light.png bg=unknown lum=0.000 cov=0.00 (no change)
NOTE: novax_logo_primary_dark.png bg=unknown lum=0.000 cov=0.00 (no change)
NOTE: novax_logo_primary_light.png bg=unknown lum=0.000 cov=0.00 (no change)
NOTE: novax_logo_primary_dark.png bg=unknown lum=0.000 cov=0.00 (no change)
NOTE: novax_logo_primary_light.png bg=unknown lum=0.000 cov=0.00 (no change)
NOTE: novax_logo_vertical_dark.png bg=unknown lum=0.000 cov=0.00 (no change)
NOTE: novax_logo_vertical_light.png bg=unknown lum=0.000 cov=0.00 (no change)
NOTE: novax_logo_vertical_dark.png bg=unknown lum=0.000 cov=0.00 (no change)
NOTE: novax_logo_vertical_light.png bg=unknown lum=0.000 cov=0.00 (no change)
NOTE: novax_logo_vertical_dark.png bg=unknown lum=0.000 cov=0.00 (no change)
NOTE: novax_logo_vertical_light.png bg=unknown lum=0.000 cov=0.00 (no change)
NOTE: novax_logo_vertical_01_dark.png bg=unknown lum=0.000 cov=0.00 (no change)
NOTE: novax_logo_vertical_01_light.png bg=unknown lum=0.000 cov=0.00 (no change)
NOTE: novax_logo_vertical_01_dark.png bg=unknown lum=0.000 cov=0.00 (no change)
NOTE: novax_logo_vertical_01_light.png bg=unknown lum=0.000 cov=0.00 (no change)
NOTE: novax_logo_vertical_01_dark.png bg=unknown lum=0.000 cov=0.00 (no change)
NOTE: novax_logo_vertical_01_light.png bg=unknown lum=0.000 cov=0.00 (no change)
NOTE: novax_logo_vertical_02_dark.png bg=unknown lum=0.000 cov=0.00 (no change)
NOTE: novax_logo_vertical_02_light.png bg=unknown lum=0.000 cov=0.00 (no change)
NOTE: novax_logo_vertical_02_dark.png bg=unknown lum=0.000 cov=0.00 (no change)
NOTE: novax_logo_vertical_02_light.png bg=unknown lum=0.000 cov=0.00 (no change)
NOTE: novax_logo_vertical_02_dark.png bg=unknown lum=0.000 cov=0.00 (no change)
NOTE: novax_logo_vertical_02_light.png bg=unknown lum=0.000 cov=0.00 (no change)

== NOTES (SVG) ==
NOTE: novax_logo_horizontal_02_dark.svg bg=unknown lum=0.000 cov=0.00 (no change)
NOTE: novax_logo_horizontal_02_light.svg bg=unknown lum=0.000 cov=0.00 (no change)
NOTE: novax_logo_horizontal_02_dark.svg bg=unknown lum=0.000 cov=0.00 (no change)
NOTE: novax_logo_horizontal_02_light.svg bg=unknown lum=0.000 cov=0.00 (no change)
NOTE: novax_logo_horizontal_02_dark.svg bg=unknown lum=0.000 cov=0.00 (no change)
NOTE: novax_logo_horizontal_02_light.svg bg=unknown lum=0.000 cov=0.00 (no change)
NOTE: novax_logo_horizontal_dark.svg bg=unknown lum=0.000 cov=0.00 (no change)
NOTE: novax_logo_horizontal_light.svg bg=unknown lum=0.000 cov=0.00 (no change)
NOTE: novax_logo_horizontal_dark.svg bg=unknown lum=0.000 cov=0.00 (no change)
NOTE: novax_logo_horizontal_light.svg bg=unknown lum=0.000 cov=0.00 (no change)
NOTE: novax_logo_horizontal_dark.svg bg=unknown lum=0.000 cov=0.00 (no change)
NOTE: novax_logo_horizontal_light.svg bg=unknown lum=0.000 cov=0.00 (no change)
NOTE: novax_logo_vertical_dark.svg bg=unknown lum=0.000 cov=0.00 (no change)
NOTE: novax_logo_vertical_light.svg bg=unknown lum=0.000 cov=0.00 (no change)
NOTE: novax_logo_vertical_dark.svg bg=unknown lum=0.000 cov=0.00 (no change)
NOTE: novax_logo_vertical_light.svg bg=unknown lum=0.000 cov=0.00 (no change)
NOTE: novax_logo_vertical_dark.svg bg=unknown lum=0.000 cov=0.00 (no change)
NOTE: novax_logo_vertical_light.svg bg=unknown lum=0.000 cov=0.00 (no change)